---
source: crates/pixelchart/tests/render_tests.rs
expression: summarize(&rendered)
---
canvas: 400x300, 26 commands
overlays: 12
  [0] (56, 262) Center "0.8"
  [1] (132, 262) Center "2.0"
  [2] (260, 262) Center "4.0"
  [3] (388, 262) Center "6.0"
  [4] (51, 258) Right "0.0"
  [5] (51, 195) Right "2.5"
  [6] (51, 131) Right "5.0"
  [7] (51, 68) Right "7.5"
  [8] (51, 30) Right "9.0"
  [9] (222, 16) Center "Scatter Test"
  [10] (222, 284) Center "X"
  [11] (19, 140) Center "Y"
