---
source: crates/pixelchart/tests/render_tests.rs
expression: summarize(&rendered)
---
canvas: 2000x1200, 19 commands
overlays: 8
  [0] (155, 1160) Center "0"
  [1] (762, 1160) Center "1"
  [2] (1369, 1160) Center "2"
  [3] (1976, 1160) Center "3"
  [4] (86, 1118) Right "1"
  [5] (86, 753) Right "2"
  [6] (86, 389) Right "3"
  [7] (86, 24) Right "4"
