---
source: crates/pixelchart/tests/render_tests.rs
expression: summarize(&rendered)
---
canvas: 400x300, 20 commands
overlays: 11
  [0] (64, 258) Right "0"
  [1] (64, 182) Right "10"
  [2] (64, 106) Right "20"
  [3] (64, 30) Right "30"
  [4] (104, 281) Center "Mon"
  [5] (167, 281) Center "Tue"
  [6] (230, 281) Center "Wed"
  [7] (293, 281) Center "Thu"
  [8] (356, 281) Center "Fri"
  [9] (230, 6) Center "Weekly Sales"
  [10] (2, 152) Left "Units"
