---
source: crates/pixelchart/tests/render_tests.rs
expression: summarize(&rendered)
---
canvas: 400x300, 29 commands
overlays: 13
  [0] (36, 268) Right rot=45° "0"
  [1] (95, 268) Right rot=45° "1"
  [2] (153, 268) Right rot=45° "2"
  [3] (212, 268) Right rot=45° "3"
  [4] (271, 268) Right rot=45° "4"
  [5] (329, 268) Right rot=45° "5"
  [6] (388, 268) Right rot=45° "6"
  [7] (31, 264) Right "0.0"
  [8] (31, 199) Right "2.5"
  [9] (31, 134) Right "5.0"
  [10] (31, 69) Right "7.5"
  [11] (31, 30) Right "9.0"
  [12] (212, 16) Center "Diagonal Ticks"
