---
source: crates/pixelchart/tests/render_tests.rs
expression: summarize(&rendered)
---
canvas: 400x300, 29 commands
overlays: 10
  [0] (36, 278) Center "0.8"
  [1] (53, 278) Center "1.0"
  [2] (137, 278) Center "2.0"
  [3] (220, 278) Center "3.0"
  [4] (304, 278) Center "4.0"
  [5] (388, 278) Center "5.0"
  [6] (31, 273) Right "0.8"
  [7] (31, 198) Right "2.0"
  [8] (31, 74) Right "4.0"
  [9] (31, 12) Right "5.0"
