---
source: crates/pixelchart/tests/render_tests.rs
assertion_line: 446
expression: summarize(&rendered)
---
canvas: 400x300, 19 commands
overlays: 7
  [0] (136, 279) Center "2"
  [1] (262, 279) Center "4"
  [2] (388, 279) Center "6"
  [3] (52, 265) Right "10"
  [4] (52, 180) Right "20"
  [5] (52, 96) Right "30"
  [6] (52, 12) Right "40"
