---
source: crates/pixelchart/tests/render_tests.rs
expression: summarize(&rendered)
---
canvas: 600x400, 48 commands
overlays: 14
  [0] (114, 350) Center "0"
  [1] (231, 350) Center "5"
  [2] (349, 350) Center "10"
  [3] (466, 350) Center "15"
  [4] (584, 350) Center "20"
  [5] (94, 337) Right "0"
  [6] (94, 262) Right "5"
  [7] (94, 188) Right "10"
  [8] (94, 114) Right "15"
  [9] (94, 40) Right "20"
  [10] (218, 203) Left "Peak"
  [11] (343, 8) Center "Full Feature Test"
  [12] (343, 374) Center "X Axis"
  [13] (2, 192) Left "Y Axis"
