---
source: crates/pixelchart/tests/render_tests.rs
expression: summarize(&rendered)
---
canvas: 400x300, 19 commands
overlays: 7
  [0] (44, 278) Center "0"
  [1] (159, 278) Center "10"
  [2] (273, 278) Center "20"
  [3] (388, 278) Center "30"
  [4] (39, 91) Right "A"
  [5] (39, 212) Right "B"
  [6] (216, 16) Center "Horizontal Stacked"
