---
source: crates/pixelchart/tests/render_tests.rs
expression: summarize(&rendered)
---
canvas: 400x300, 29 commands
overlays: 10
  [0] (31, 273) Right "0"
  [1] (31, 212) Right "5"
  [2] (31, 152) Right "10"
  [3] (31, 91) Right "15"
  [4] (31, 30) Right "20"
  [5] (80, 278) Center "Q1"
  [6] (168, 278) Center "Q2"
  [7] (256, 278) Center "Q3"
  [8] (344, 278) Center "Q4"
  [9] (212, 16) Center "Grouped Bars"
