---
source: crates/pixelchart/tests/render_tests.rs
expression: summarize(&rendered)
---
canvas: 400x300, 9 commands
overlays: 16
  [0] (96, 89) Center "1.00"
  [1] (213, 89) Center "2.00"
  [2] (330, 89) Center "3.00"
  [3] (96, 169) Center "4.00"
  [4] (213, 169) Center "5.00"
  [5] (330, 169) Center "6.00"
  [6] (96, 249) Center "7.00"
  [7] (213, 249) Center "8.00"
  [8] (330, 249) Center "9.00"
  [9] (32, 89) Right "R1"
  [10] (32, 169) Right "R2"
  [11] (32, 249) Right "R3"
  [12] (96, 44) Center "C1"
  [13] (213, 44) Center "C2"
  [14] (330, 44) Center "C3"
  [15] (213, 6) Center "Heatmap Test"
