---
source: crates/pixelchart/tests/render_tests.rs
assertion_line: 472
expression: summarize(&rendered)
---
canvas: 400x300, 23 commands
overlays: 10
  [0] (71, 279) Center "1"
  [1] (176, 279) Center "2"
  [2] (282, 279) Center "3"
  [3] (388, 279) Center "4"
  [4] (52, 273) Right "3"
  [5] (52, 212) Right "4"
  [6] (52, 152) Right "5"
  [7] (52, 91) Right "6"
  [8] (52, 30) Right "7"
  [9] (224, 6) Center "Pastel Theme"
