---
source: crates/pixelchart/tests/render_tests.rs
expression: summarize(&rendered)
---
canvas: 400x300, 23 commands
overlays: 11
  [0] (76, 279) Center "0"
  [1] (154, 279) Center "1"
  [2] (232, 279) Center "2"
  [3] (310, 279) Center "3"
  [4] (388, 279) Center "4"
  [5] (52, 261) Right "1"
  [6] (52, 204) Right "2"
  [7] (52, 146) Right "3"
  [8] (52, 88) Right "4"
  [9] (52, 30) Right "5"
  [10] (224, 6) Center "Infinity Data"
