---
source: crates/pixelchart/tests/render_tests.rs
expression: summarize(&rendered)
---
canvas: 500x350, 24 commands
overlays: 12
  [0] (94, 324) Center "0"
  [1] (192, 324) Center "1"
  [2] (290, 324) Center "2"
  [3] (388, 324) Center "3"
  [4] (486, 324) Center "4"
  [5] (66, 253) Right "2"
  [6] (66, 144) Right "4"
  [7] (66, 35) Right "6"
  [8] (420, 43) Left "Alpha"
  [9] (420, 57) Left "Beta"
  [10] (420, 71) Left "Gamma"
  [11] (280, 7) Center "Multi-Series"
