---
source: crates/pixelchart/tests/render_tests.rs
assertion_line: 530
expression: summarize(&rendered)
---
canvas: 400x300, 9 commands
overlays: 8
  [0] (76, 281) Center "0"
  [1] (180, 281) Center "20"
  [2] (284, 281) Center "40"
  [3] (388, 281) Center "60"
  [4] (52, 70) Right "Alpha"
  [5] (52, 152) Right "Beta"
  [6] (52, 232) Right "Gamma"
  [7] (224, 6) Center "Horizontal Bars"
