---
source: crates/scry-chart/tests/render_tests.rs
assertion_line: 632
expression: summarize(&rendered)
---
canvas: 500x350, 30 commands
overlays: 15
  [0] (38, 326) Center "0.0"
  [1] (113, 326) Center "0.5"
  [2] (187, 326) Center "1.0"
  [3] (262, 326) Center "1.5"
  [4] (337, 326) Center "2.0"
  [5] (411, 326) Center "2.5"
  [6] (486, 326) Center "3.0"
  [7] (30, 318) Right "10"
  [8] (30, 271) Right "20"
  [9] (30, 177) Right "40"
  [10] (30, 82) Right "60"
  [11] (30, 35) Right "70"
  [12] (414, 51) Left "Temp"
  [13] (414, 65) Left "Humidity"
  [14] (262, 18) Center "Legend Text Check"
