---
source: crates/scry-chart/tests/render_tests.rs
assertion_line: 331
expression: summarize(&rendered)
---
canvas: 400x300, 9 commands
overlays: 16
  [0] (94, 87) Center "1.00"
  [1] (212, 87) Center "2.00"
  [2] (330, 87) Center "3.00"
  [3] (94, 168) Center "4.00"
  [4] (212, 168) Center "5.00"
  [5] (330, 168) Center "6.00"
  [6] (94, 249) Center "7.00"
  [7] (212, 249) Center "8.00"
  [8] (330, 249) Center "9.00"
  [9] (30, 87) Right "R1"
  [10] (30, 168) Right "R2"
  [11] (30, 249) Right "R3"
  [12] (94, 42) Center "C1"
  [13] (212, 42) Center "C2"
  [14] (330, 42) Center "C3"
  [15] (212, 16) Center "Heatmap Test"
