---
source: crates/scry-chart/tests/render_tests.rs
expression: summarize(&rendered)
---
canvas: 500x350, 47 commands
text_labels: 15
  [0] 0.0
  [1] 0.5
  [2] 1.0
  [3] 1.5
  [4] 2.0
  [5] 2.5
  [6] 3.0
  [7] 10
  [8] 20
  [9] 40
  [10] 60
  [11] 70
  [12] Temp
  [13] Humidity
  [14] Legend Text Check
