---
source: crates/scry-chart/tests/render_tests.rs
expression: summarize(&rendered)
---
canvas: 500x350, 35 commands
text_labels: 15
  [0] 0
  [1] 200
  [2] 400
  [3] 600
  [4] Revenue
  [5] COGS
  [6] OpEx
  [7] Tax
  [8] Total
  [9] 500
  [10] -200
  [11] -150
  [12] -50
  [13] 100
  [14] P&L Waterfall
