---
source: crates/scry-chart/tests/render_tests.rs
assertion_line: 1110
expression: summarize(&rendered)
---
canvas: 400x300, 94 commands
overlays: 10
  [0] (29, 273) Right "0"
  [1] (29, 192) Right "10"
  [2] (29, 111) Right "20"
  [3] (29, 30) Right "30"
  [4] (95, 280) Center "A"
  [5] (212, 280) Center "B"
  [6] (329, 280) Center "C"
  [7] (316, 46) Left "Series 1"
  [8] (316, 60) Left "Hatched"
  [9] (212, 16) Center "Pattern Fills"
