---
source: crates/scry-chart/tests/render_tests.rs
expression: summarize(&rendered)
---
canvas: 400x300, 27 commands
overlays: 8
  [0] (39, 278) Center "0.8"
  [1] (120, 278) Center "2.0"
  [2] (254, 278) Center "4.0"
  [3] (388, 278) Center "6.0"
  [4] (35, 273) Right "0"
  [5] (35, 186) Right "1"
  [6] (35, 99) Right "2"
  [7] (35, 12) Right "3"
