---
source: crates/scry-chart/tests/render_tests.rs
expression: summarize(&rendered)
---
canvas: 400x300, 15 commands
overlays: 6
  [0] (36, 278) Center "0.0"
  [1] (124, 278) Center "0.5"
  [2] (212, 278) Center "1.0"
  [3] (300, 278) Center "1.5"
  [4] (388, 278) Center "2.0"
  [5] (31, 142) Right "0"
