---
source: crates/scry-chart/tests/render_tests.rs
expression: summarize(&rendered)
---
canvas: 400x300, 25 commands
overlays: 8
  [0] (36, 278) Center "0.8"
  [1] (137, 278) Center "2.0"
  [2] (304, 278) Center "4.0"
  [3] (388, 278) Center "5.0"
  [4] (31, 273) Right "0.8"
  [5] (31, 198) Right "2.0"
  [6] (31, 74) Right "4.0"
  [7] (31, 12) Right "5.0"
