---
source: crates/scry-chart/tests/render_tests.rs
expression: summarize(&rendered)
---
canvas: 500x400, 17 commands
text_labels: 9
  [0] Visitors
  [1] 10.0K · 100%
  [2] Signups
  [3] 5.0K · 50% · → 50%
  [4] Trials
  [5] 2.0K · 20% · → 40%
  [6] Paid
  [7] 800 · 8% · → 40%
  [8] Conversion Funnel
