---
source: crates/scry-chart/tests/render_tests.rs
expression: summarize(&rendered)
---
canvas: 400x300, 61 commands
text_labels: 17
  [0] 50
  [1] 100
  [2] 150
  [3] 200
  [4] 0
  [5] 10
  [6] 20
  [7] 30
  [8] 11
  [9] 4
  [10] 2
  [11] 6
  [12] 8
  [13] 20
  [14] Distribution
  [15] Value
  [16] Frequency
