---
source: crates/scry-chart/tests/render_tests.rs
expression: summarize(&rendered)
---
canvas: 500x350, 31 commands
overlays: 15
  [0] (38, 324) Center "0.0"
  [1] (113, 324) Center "0.5"
  [2] (187, 324) Center "1.0"
  [3] (262, 324) Center "1.5"
  [4] (337, 324) Center "2.0"
  [5] (411, 324) Center "2.5"
  [6] (486, 324) Center "3.0"
  [7] (32, 318) Right "10"
  [8] (32, 271) Right "20"
  [9] (32, 177) Right "40"
  [10] (32, 82) Right "60"
  [11] (32, 35) Right "70"
  [12] (414, 51) Left "Temp"
  [13] (414, 65) Left "Humidity"
  [14] (262, 18) Center "Legend Text Check"
