---
source: crates/scry-chart/tests/render_tests.rs
expression: summarize(&rendered)
---
canvas: 400x300, 21 commands
overlays: 9
  [0] (44, 278) Center "0"
  [1] (159, 278) Center "10"
  [2] (273, 278) Center "20"
  [3] (388, 278) Center "30"
  [4] (39, 91) Right "A"
  [5] (39, 212) Right "B"
  [6] (316, 46) Left "Series 1"
  [7] (316, 60) Left "Layer 2"
  [8] (216, 16) Center "Horizontal Stacked"
