---
source: crates/scry-chart/tests/render_tests.rs
assertion_line: 985
expression: summarize(&rendered)
---
canvas: 400x300, 28 commands
overlays: 13
  [0] (36, 263) Right rot=45° "0"
  [1] (95, 263) Right rot=45° "1"
  [2] (153, 263) Right rot=45° "2"
  [3] (212, 263) Right rot=45° "3"
  [4] (271, 263) Right rot=45° "4"
  [5] (329, 263) Right rot=45° "5"
  [6] (388, 263) Right rot=45° "6"
  [7] (29, 256) Right "0.0"
  [8] (29, 193) Right "2.5"
  [9] (29, 131) Right "5.0"
  [10] (29, 68) Right "7.5"
  [11] (29, 30) Right "9.0"
  [12] (212, 16) Center "Diagonal Ticks"
