---
source: crates/scry-chart/tests/render_tests.rs
assertion_line: 1275
expression: summarize(&rendered)
---
canvas: 400x300, 17 commands
overlays: 7
  [0] (44, 278) Center "0"
  [1] (159, 278) Center "20"
  [2] (273, 278) Center "40"
  [3] (388, 278) Center "60"
  [4] (39, 56) Right "A"
  [5] (39, 142) Right "B"
  [6] (39, 230) Right "C"
