---
source: crates/scry-chart/tests/render_tests.rs
expression: summarize(&rendered)
---
canvas: 400x300, 21 commands
overlays: 8
  [0] (31, 273) Right "1"
  [1] (31, 243) Right "2"
  [2] (31, 182) Right "4"
  [3] (31, 121) Right "6"
  [4] (31, 60) Right "8"
  [5] (31, 30) Right "9"
  [6] (212, 278) Center "Default"
  [7] (212, 16) Center "Styled Boxplot"
