---
source: crates/scry-chart/tests/render_tests.rs
expression: summarize(&rendered)
---
canvas: 400x300, 78 commands
text_labels: 18
  [0] 1.00
  [1] 2.00
  [2] 3.00
  [3] 4.00
  [4] 5.00
  [5] 6.00
  [6] 7.00
  [7] 8.00
  [8] 9.00
  [9] 9.0
  [10] 1.0
  [11] R1
  [12] R2
  [13] R3
  [14] C1
  [15] C2
  [16] C3
  [17] Heatmap Test
