---
source: crates/scry-chart/tests/render_tests.rs
expression: summarize(&rendered)
---
canvas: 600x400, 61 commands
overlays: 16
  [0] (74, 350) Center "0"
  [1] (176, 350) Center "2"
  [2] (278, 350) Center "4"
  [3] (380, 350) Center "6"
  [4] (482, 350) Center "8"
  [5] (584, 350) Center "10"
  [6] (66, 344) Right "0"
  [7] (66, 283) Right "2"
  [8] (66, 222) Right "4"
  [9] (66, 162) Right "6"
  [10] (66, 101) Right "8"
  [11] (66, 40) Right "10"
  [12] (288, 86) Left "Peak"
  [13] (329, 20) Center "Full Feature Test"
  [14] (329, 384) Center "X Axis"
  [15] (32, 192) Center rot=90° "Y Axis"
