---
source: crates/scry-chart/tests/render_tests.rs
assertion_line: 690
expression: summarize(&rendered)
---
canvas: 400x300, 19 commands
overlays: 8
  [0] (36, 280) Center "0.8"
  [1] (137, 280) Center "2.0"
  [2] (304, 280) Center "4.0"
  [3] (388, 280) Center "5.0"
  [4] (29, 273) Right "9"
  [5] (29, 136) Right "20"
  [6] (29, 12) Right "30"
  [7] (230, 183) Left "Peak"
