---
source: crates/scry-chart/tests/render_tests.rs
expression: summarize(&rendered)
---
canvas: 400x300, 19 commands
overlays: 8
  [0] (35, 273) Right "0"
  [1] (35, 208) Right "50"
  [2] (35, 142) Right "100"
  [3] (35, 77) Right "150"
  [4] (35, 12) Right "200"
  [5] (98, 278) Center "A"
  [6] (214, 278) Center "B"
  [7] (330, 278) Center "C"
