---
source: crates/scry-chart/tests/render_tests.rs
assertion_line: 207
expression: summarize(&rendered)
---
canvas: 400x300, 21 commands
overlays: 11
  [0] (53, 273) Right "0"
  [1] (53, 192) Right "10"
  [2] (53, 111) Right "20"
  [3] (53, 30) Right "30"
  [4] (91, 278) Center "Mon"
  [5] (157, 278) Center "Tue"
  [6] (223, 278) Center "Wed"
  [7] (289, 278) Center "Thu"
  [8] (355, 278) Center "Fri"
  [9] (223, 16) Center "Weekly Sales"
  [10] (23, 152) Center rot=90° "Units"
